../framework/Shell/Source/shell.c:224:6:shell_writeN	8	static
../framework/Shell/Source/shell.c:1003:13:shell_erase_to_eol	8	static
../framework/Shell/Source/shell.c:260:6:shell_write	8	static
../framework/Shell/Source/shell.c:192:6:shell_cmd_finished	8	static
../framework/Shell/Source/shell.c:204:6:shell_refresh	8	static
../framework/Shell/Source/shell.c:182:6:shell_change_prompt	8	static
../framework/Shell/Source/shell.c:273:6:shell_putc	16	static
../framework/Shell/Source/shell.c:742:16:shell_ProcessChr	24	static
../framework/Shell/Source/shell.c:286:6:shell_writeDec	8	static
../framework/Shell/Source/shell.c:302:6:shell_writeSignedDec	8	static
../framework/Shell/Source/shell.c:325:6:shell_writeHex	8	static
../framework/Shell/Source/shell.c:343:6:shell_writeHexLe	8	static
../framework/Shell/Source/shell.c:360:6:shell_writeBool	8	static
../framework/Shell/Source/shell.c:388:10:shell_printf	24	static
../framework/Shell/Source/shell.c:415:9:shell_register_function	16	static
../framework/Shell/Source/shell.c:136:6:shell_init	8	static
../framework/Shell/Source/shell.c:454:6:shell_register_function_array	16	static
../framework/Shell/Source/shell.c:470:9:shell_unregister_function	16	static
../framework/Shell/Source/shell.c:497:8:shell_get_opt	48	static
../framework/Shell/Source/shell.c:537:13:shell_find_command	16	static
../framework/Shell/Source/shell.c:567:9:make_argv	8	static
../framework/Shell/Source/shell.c:624:13:shell_main	112	static
