../ieee_802.15.4/phy/source/MKW41Z/PhyPlmeData.c:81:13:PhyPdDataRequest	16	static
../ieee_802.15.4/phy/source/MKW41Z/PhyPlmeData.c:191:13:PhyPlmeRxRequest	32	static
../ieee_802.15.4/phy/source/MKW41Z/PhyPlmeData.c:711:13:PhyRxRetry	16	static
../ieee_802.15.4/phy/source/MKW41Z/PhyPlmeData.c:281:13:PhyPlmeCcaEdRequest	16	static
../ieee_802.15.4/phy/source/MKW41Z/PhyPlmeData.c:395:9:PhyPlmeGetCurrentChannelRequest	0	static
../ieee_802.15.4/phy/source/MKW41Z/PhyPlmeData.c:422:13:PhyPlmeSetPwrLevelRequest	0	static
../ieee_802.15.4/phy/source/MKW41Z/PhyPlmeData.c:463:9:PhyPlmeGetPwrLevelRequest	0	static
../ieee_802.15.4/phy/source/MKW41Z/PhyPlmeData.c:353:13:PhyPlmeSetCurrentChannelRequest	8	static
../ieee_802.15.4/phy/source/MKW41Z/PhyPlmeData.c:486:13:PhyPlmeSetPIBRequest	24	static
../ieee_802.15.4/phy/source/MKW41Z/PhyPlmeData.c:591:13:PhyPlmeGetPIBRequest	24	static
