../framework/RNG/Source/RNG.c:381:13:TRNG_ISR	0	static
../framework/RNG/Source/RNG.c:97:9:RNG_Init	96	static
../framework/RNG/Source/RNG.c:181:9:RNG_HwGetRandomNo	8	static
../framework/RNG/Source/RNG.c:231:6:RNG_GetRandomNo	16	static
../framework/RNG/Source/RNG.c:249:6:RNG_SetPseudoRandomNoSeed	8	static
../framework/RNG/Source/RNG.c:279:9:RNG_GetPseudoRandomNo	128	static
../framework/RNG/Source/RNG.c:347:10:RND_u32GetRand256	16	static
../framework/RNG/Source/RNG.c:365:10:RND_u32GetRand	24	static
