../framework/Lists/GenericList.c:42:6:ListInit	0	static
../framework/Lists/GenericList.c:65:14:ListGetList	0	static
../framework/Lists/GenericList.c:86:14:ListAddTail	16	static
../framework/Lists/GenericList.c:130:14:ListAddHead	16	static
../framework/Lists/GenericList.c:173:21:ListRemoveHead	16	static
../framework/Lists/GenericList.c:217:21:ListGetHead	0	static
../framework/Lists/GenericList.c:237:21:ListGetNext	0	static
../framework/Lists/GenericList.c:257:21:ListGetPrev	0	static
../framework/Lists/GenericList.c:277:14:ListRemoveElement	8	static
../framework/Lists/GenericList.c:327:14:ListAddPrevElement	16	static
../framework/Lists/GenericList.c:373:10:ListGetSize	0	static
../framework/Lists/GenericList.c:392:10:ListGetAvailable	0	static
../framework/Lists/GenericList.c:556:14:ListTest	0	static
