../source/router_eligible_device_app.c:770:13:APP_ThrNwkJoin	8	static
../source/router_eligible_device_app.c:1042:13:APP_JoinEventsHandler	8	static
../source/router_eligible_device_app.c:788:13:App_JoinTimerCallback	8	static
../source/router_eligible_device_app.c:923:13:APP_AppModeHandleKeyboard	8	static
../source/router_eligible_device_app.c:1018:13:App_UpdateStateLeds	8	static
../source/router_eligible_device_app.c:809:13:APP_ConfigModeSwShortPressHandler	8	static
../source/router_eligible_device_app.c:880:13:APP_ConfigModeHandleKeyboard	8	static
../source/router_eligible_device_app.c:992:13:App_HandleKeyboard	8	static
../source/router_eligible_device_app.c:1655:13:App_RestoreLeaderLed	8	static
../source/router_eligible_device_app.c:1378:13:APP_LocalDataSinkRelease	24	static
../source/router_eligible_device_app.c:1177:20:APP_SendDataSinkCommand	32	static
../source/router_eligible_device_app.c:1228:13:APP_SendDataSinkRelease	24	static
../source/router_eligible_device_app.c:1090:13:APP_CoapGenericCallback	8	static
../source/router_eligible_device_app.c:1606:13:APP_CoapSinkCb	16	static
../source/router_eligible_device_app.c:1431:13:APP_ProcessLedCmd	24	static
../source/router_eligible_device_app.c:1252:13:APP_SendLedCommand	24	static
../source/router_eligible_device_app.c:1360:13:APP_SendLedColorWheel	32	static
../source/router_eligible_device_app.c:1343:13:APP_SendLedFlash	16	static
../source/router_eligible_device_app.c:1326:13:APP_SendLedRgbOff	40	static
../source/router_eligible_device_app.c:1401:13:APP_CoapLedCb	16	static
../source/router_eligible_device_app.c:1295:13:APP_SendLedRgbOn	56	static
../source/router_eligible_device_app.c:1128:13:APP_ReportTemp	24	static
../source/router_eligible_device_app.c:1206:13:APP_SendDataSinkCreate	16	static
../source/router_eligible_device_app.c:739:13:APP_InitCoapDemo	104	static
../source/router_eligible_device_app.c:412:13:APP_CoapAcc2	16	static
../source/router_eligible_device_app.c:350:13:APP_CoapResource2Cb	16	static
../source/router_eligible_device_app.c:367:13:APP_CoapAcc	80	static
../source/router_eligible_device_app.c:191:13:APP_CoapResource1Cb	56	static
../source/router_eligible_device_app.c:1535:13:APP_CoapTempCb	88	static
../source/router_eligible_device_app.c:429:6:APP_Init	8	static
../source/router_eligible_device_app.c:493:6:APP_Handler	8	static
../source/router_eligible_device_app.c:518:6:APP_NwkScanHandler	16	static
../source/router_eligible_device_app.c:544:6:Stack_to_APP_Handler	16	static
../source/router_eligible_device_app.c:653:6:APP_Commissioning_Handler	72	static
../source/router_eligible_device_app.c:723:6:App_RestoreLeaderLedCb	8	static
../source/router_eligible_device_app.c:1638:10:RetCoapDestAddress	8	static
../source/router_eligible_device_app.c:1643:9:RetmAppCoapInstId	0	static
