../source/router_eligible_device_app.c:872:13:APP_ThrNwkJoin	8	static
../source/router_eligible_device_app.c:911:13:APP_ConfigModeSwShortPressHandler	8	static
../source/router_eligible_device_app.c:982:13:APP_ConfigModeHandleKeyboard	8	static
../source/router_eligible_device_app.c:1144:13:APP_JoinEventsHandler	8	static
../source/router_eligible_device_app.c:890:13:App_JoinTimerCallback	8	static
../source/router_eligible_device_app.c:1025:13:APP_AppModeHandleKeyboard	8	static
../source/router_eligible_device_app.c:1094:13:App_HandleKeyboard	8	static
../source/router_eligible_device_app.c:1480:13:APP_LocalDataSinkRelease	24	static
../source/router_eligible_device_app.c:1279:20:APP_SendDataSinkCommand	32	static
../source/router_eligible_device_app.c:1330:13:APP_SendDataSinkRelease	24	static
../source/router_eligible_device_app.c:1192:13:APP_CoapGenericCallback	8	static
../source/router_eligible_device_app.c:1708:13:APP_CoapSinkCb	16	static
../source/router_eligible_device_app.c:1120:13:App_UpdateStateLeds	8	static
../source/router_eligible_device_app.c:1533:13:APP_ProcessLedCmd	24	static
../source/router_eligible_device_app.c:1354:13:APP_SendLedCommand	24	static
../source/router_eligible_device_app.c:1462:13:APP_SendLedColorWheel	32	static
../source/router_eligible_device_app.c:1445:13:APP_SendLedFlash	16	static
../source/router_eligible_device_app.c:1428:13:APP_SendLedRgbOff	40	static
../source/router_eligible_device_app.c:1503:13:APP_CoapLedCb	16	static
../source/router_eligible_device_app.c:1774:13:App_RestoreLeaderLed	8	static
../source/router_eligible_device_app.c:1397:13:APP_SendLedRgbOn	56	static
../source/router_eligible_device_app.c:1230:13:APP_ReportTemp	24	static
../source/router_eligible_device_app.c:1308:13:APP_SendDataSinkCreate	16	static
../source/router_eligible_device_app.c:842:13:APP_InitCoapDemo	104	static
../source/router_eligible_device_app.c:299:13:APP_CoapResource2Cb	72	static
../source/router_eligible_device_app.c:1637:13:APP_CoapTempCb	88	static
../source/router_eligible_device_app.c:411:13:APP_CoapAcc2	64	static
../source/router_eligible_device_app.c:337:13:APP_CoapAcc	120	static
../source/router_eligible_device_app.c:202:13:APP_CoapResource1Cb	104	static
../source/router_eligible_device_app.c:596:6:APP_Handler	8	static
../source/router_eligible_device_app.c:621:6:APP_NwkScanHandler	16	static
../source/router_eligible_device_app.c:647:6:Stack_to_APP_Handler	16	static
../source/router_eligible_device_app.c:756:6:APP_Commissioning_Handler	72	static
../source/router_eligible_device_app.c:826:6:App_RestoreLeaderLedCb	8	static
../source/router_eligible_device_app.c:1740:10:RetCoapDestAddress	8	static
../source/router_eligible_device_app.c:1745:9:RetmAppCoapInstId	0	static
../source/router_eligible_device_app.c:1750:6:LEDsConfig	16	static
../source/router_eligible_device_app.c:531:6:APP_Init	8	static
