../source/router_eligible_device_app.c:694:13:APP_ThrNwkJoin	8	static
../source/router_eligible_device_app.c:966:13:APP_JoinEventsHandler	8	static
../source/router_eligible_device_app.c:712:13:App_JoinTimerCallback	8	static
../source/router_eligible_device_app.c:847:13:APP_AppModeHandleKeyboard	8	static
../source/router_eligible_device_app.c:942:13:App_UpdateStateLeds	8	static
../source/router_eligible_device_app.c:733:13:APP_ConfigModeSwShortPressHandler	8	static
../source/router_eligible_device_app.c:804:13:APP_ConfigModeHandleKeyboard	8	static
../source/router_eligible_device_app.c:916:13:App_HandleKeyboard	8	static
../source/router_eligible_device_app.c:1580:13:App_RestoreLeaderLed	8	static
../source/router_eligible_device_app.c:1302:13:APP_LocalDataSinkRelease	24	static
../source/router_eligible_device_app.c:1101:20:APP_SendDataSinkCommand	32	static
../source/router_eligible_device_app.c:1152:13:APP_SendDataSinkRelease	24	static
../source/router_eligible_device_app.c:1014:13:APP_CoapGenericCallback	8	static
../source/router_eligible_device_app.c:1530:13:APP_CoapSinkCb	16	static
../source/router_eligible_device_app.c:1355:13:APP_ProcessLedCmd	24	static
../source/router_eligible_device_app.c:1176:13:APP_SendLedCommand	24	static
../source/router_eligible_device_app.c:1284:13:APP_SendLedColorWheel	32	static
../source/router_eligible_device_app.c:1267:13:APP_SendLedFlash	16	static
../source/router_eligible_device_app.c:1250:13:APP_SendLedRgbOff	40	static
../source/router_eligible_device_app.c:1325:13:APP_CoapLedCb	16	static
../source/router_eligible_device_app.c:1219:13:APP_SendLedRgbOn	56	static
../source/router_eligible_device_app.c:1052:13:APP_ReportTemp	24	static
../source/router_eligible_device_app.c:1130:13:APP_SendDataSinkCreate	16	static
../source/router_eligible_device_app.c:666:13:APP_InitCoapDemo	96	static
../source/router_eligible_device_app.c:340:13:APP_CoapResource2Cb	16	static
../source/router_eligible_device_app.c:192:13:APP_CoapResource1Cb	40	static
../source/router_eligible_device_app.c:1459:13:APP_CoapTempCb	88	static
../source/router_eligible_device_app.c:357:6:APP_Init	8	static
../source/router_eligible_device_app.c:420:6:APP_Handler	8	static
../source/router_eligible_device_app.c:445:6:APP_NwkScanHandler	16	static
../source/router_eligible_device_app.c:471:6:Stack_to_APP_Handler	16	static
../source/router_eligible_device_app.c:580:6:APP_Commissioning_Handler	72	static
../source/router_eligible_device_app.c:650:6:App_RestoreLeaderLedCb	8	static
../source/router_eligible_device_app.c:1562:10:RetCoapDestAddress	8	static
../source/router_eligible_device_app.c:1567:9:RetmAppCoapInstId	0	static
