../source/router_eligible_device_app.c:696:13:APP_ThrNwkJoin	8	static
../source/router_eligible_device_app.c:968:13:APP_JoinEventsHandler	8	static
../source/router_eligible_device_app.c:714:13:App_JoinTimerCallback	8	static
../source/router_eligible_device_app.c:849:13:APP_AppModeHandleKeyboard	8	static
../source/router_eligible_device_app.c:944:13:App_UpdateStateLeds	8	static
../source/router_eligible_device_app.c:735:13:APP_ConfigModeSwShortPressHandler	8	static
../source/router_eligible_device_app.c:806:13:APP_ConfigModeHandleKeyboard	8	static
../source/router_eligible_device_app.c:918:13:App_HandleKeyboard	8	static
../source/router_eligible_device_app.c:1581:13:App_RestoreLeaderLed	8	static
../source/router_eligible_device_app.c:1304:13:APP_LocalDataSinkRelease	24	static
../source/router_eligible_device_app.c:1103:20:APP_SendDataSinkCommand	32	static
../source/router_eligible_device_app.c:1154:13:APP_SendDataSinkRelease	24	static
../source/router_eligible_device_app.c:1016:13:APP_CoapGenericCallback	8	static
../source/router_eligible_device_app.c:1532:13:APP_CoapSinkCb	16	static
../source/router_eligible_device_app.c:1357:13:APP_ProcessLedCmd	24	static
../source/router_eligible_device_app.c:1178:13:APP_SendLedCommand	24	static
../source/router_eligible_device_app.c:1286:13:APP_SendLedColorWheel	32	static
../source/router_eligible_device_app.c:1269:13:APP_SendLedFlash	16	static
../source/router_eligible_device_app.c:1252:13:APP_SendLedRgbOff	40	static
../source/router_eligible_device_app.c:1327:13:APP_CoapLedCb	16	static
../source/router_eligible_device_app.c:1221:13:APP_SendLedRgbOn	56	static
../source/router_eligible_device_app.c:1054:13:APP_ReportTemp	24	static
../source/router_eligible_device_app.c:1132:13:APP_SendDataSinkCreate	16	static
../source/router_eligible_device_app.c:667:13:APP_InitCoapDemo	96	static
../source/router_eligible_device_app.c:341:13:APP_CoapResource2Cb	16	static
../source/router_eligible_device_app.c:185:13:APP_CoapResource1Cb	56	static
../source/router_eligible_device_app.c:1461:13:APP_CoapTempCb	88	static
../source/router_eligible_device_app.c:358:6:APP_Init	8	static
../source/router_eligible_device_app.c:421:6:APP_Handler	8	static
../source/router_eligible_device_app.c:446:6:APP_NwkScanHandler	16	static
../source/router_eligible_device_app.c:472:6:Stack_to_APP_Handler	16	static
../source/router_eligible_device_app.c:581:6:APP_Commissioning_Handler	72	static
../source/router_eligible_device_app.c:651:6:App_RestoreLeaderLedCb	8	static
../source/router_eligible_device_app.c:1564:10:RetCoapDestAddress	8	static
../source/router_eligible_device_app.c:1569:9:RetmAppCoapInstId	0	static
