../source/router_eligible_device_app.c:606:13:APP_ThrNwkJoin	8	static
../source/router_eligible_device_app.c:878:13:APP_JoinEventsHandler	8	static
../source/router_eligible_device_app.c:624:13:App_JoinTimerCallback	8	static
../source/router_eligible_device_app.c:759:13:APP_AppModeHandleKeyboard	8	static
../source/router_eligible_device_app.c:854:13:App_UpdateStateLeds	8	static
../source/router_eligible_device_app.c:645:13:APP_ConfigModeSwShortPressHandler	8	static
../source/router_eligible_device_app.c:716:13:APP_ConfigModeHandleKeyboard	8	static
../source/router_eligible_device_app.c:828:13:App_HandleKeyboard	8	static
../source/router_eligible_device_app.c:1481:13:App_RestoreLeaderLed	8	static
../source/router_eligible_device_app.c:1214:13:APP_LocalDataSinkRelease	24	static
../source/router_eligible_device_app.c:1013:20:APP_SendDataSinkCommand	32	static
../source/router_eligible_device_app.c:1064:13:APP_SendDataSinkRelease	24	static
../source/router_eligible_device_app.c:926:13:APP_CoapGenericCallback	8	static
../source/router_eligible_device_app.c:1442:13:APP_CoapSinkCb	16	static
../source/router_eligible_device_app.c:1267:13:APP_ProcessLedCmd	24	static
../source/router_eligible_device_app.c:1088:13:APP_SendLedCommand	24	static
../source/router_eligible_device_app.c:1196:13:APP_SendLedColorWheel	32	static
../source/router_eligible_device_app.c:1179:13:APP_SendLedFlash	16	static
../source/router_eligible_device_app.c:1162:13:APP_SendLedRgbOff	40	static
../source/router_eligible_device_app.c:1237:13:APP_CoapLedCb	16	static
../source/router_eligible_device_app.c:1131:13:APP_SendLedRgbOn	56	static
../source/router_eligible_device_app.c:964:13:APP_ReportTemp	24	static
../source/router_eligible_device_app.c:1042:13:APP_SendDataSinkCreate	16	static
../source/router_eligible_device_app.c:578:13:APP_InitCoapDemo	96	static
../source/router_eligible_device_app.c:253:13:APP_CoapResource2Cb	16	static
../source/router_eligible_device_app.c:191:13:APP_CoapResource1Cb	32	static
../source/router_eligible_device_app.c:1371:13:APP_CoapTempCb	88	static
../source/router_eligible_device_app.c:270:6:APP_Init	8	static
../source/router_eligible_device_app.c:333:6:APP_Handler	8	static
../source/router_eligible_device_app.c:358:6:APP_NwkScanHandler	16	static
../source/router_eligible_device_app.c:384:6:Stack_to_APP_Handler	16	static
../source/router_eligible_device_app.c:492:6:APP_Commissioning_Handler	72	static
../source/router_eligible_device_app.c:562:6:App_RestoreLeaderLedCb	8	static
