../source/router_eligible_device_app.c:820:13:APP_ThrNwkJoin	8	static
../source/router_eligible_device_app.c:859:13:APP_ConfigModeSwShortPressHandler	8	static
../source/router_eligible_device_app.c:930:13:APP_ConfigModeHandleKeyboard	8	static
../source/router_eligible_device_app.c:1092:13:APP_JoinEventsHandler	8	static
../source/router_eligible_device_app.c:838:13:App_JoinTimerCallback	8	static
../source/router_eligible_device_app.c:973:13:APP_AppModeHandleKeyboard	8	static
../source/router_eligible_device_app.c:1042:13:App_HandleKeyboard	8	static
../source/router_eligible_device_app.c:1428:13:APP_LocalDataSinkRelease	24	static
../source/router_eligible_device_app.c:1227:20:APP_SendDataSinkCommand	32	static
../source/router_eligible_device_app.c:1278:13:APP_SendDataSinkRelease	24	static
../source/router_eligible_device_app.c:1140:13:APP_CoapGenericCallback	8	static
../source/router_eligible_device_app.c:1656:13:APP_CoapSinkCb	16	static
../source/router_eligible_device_app.c:1068:13:App_UpdateStateLeds	8	static
../source/router_eligible_device_app.c:1481:13:APP_ProcessLedCmd	24	static
../source/router_eligible_device_app.c:1302:13:APP_SendLedCommand	24	static
../source/router_eligible_device_app.c:1410:13:APP_SendLedColorWheel	32	static
../source/router_eligible_device_app.c:1393:13:APP_SendLedFlash	16	static
../source/router_eligible_device_app.c:1376:13:APP_SendLedRgbOff	40	static
../source/router_eligible_device_app.c:1451:13:APP_CoapLedCb	16	static
../source/router_eligible_device_app.c:1722:13:App_RestoreLeaderLed	8	static
../source/router_eligible_device_app.c:1345:13:APP_SendLedRgbOn	56	static
../source/router_eligible_device_app.c:1178:13:APP_ReportTemp	24	static
../source/router_eligible_device_app.c:1256:13:APP_SendDataSinkCreate	16	static
../source/router_eligible_device_app.c:790:13:APP_InitCoapDemo	104	static
../source/router_eligible_device_app.c:299:13:APP_CoapResource2Cb	64	static
../source/router_eligible_device_app.c:1585:13:APP_CoapTempCb	88	static
../source/router_eligible_device_app.c:366:13:APP_CoapAcc2	64	static
../source/router_eligible_device_app.c:321:13:APP_CoapAcc	120	static
../source/router_eligible_device_app.c:202:13:APP_CoapResource1Cb	104	static
../source/router_eligible_device_app.c:544:6:APP_Handler	8	static
../source/router_eligible_device_app.c:569:6:APP_NwkScanHandler	16	static
../source/router_eligible_device_app.c:595:6:Stack_to_APP_Handler	16	static
../source/router_eligible_device_app.c:704:6:APP_Commissioning_Handler	72	static
../source/router_eligible_device_app.c:774:6:App_RestoreLeaderLedCb	8	static
../source/router_eligible_device_app.c:1688:10:RetCoapDestAddress	8	static
../source/router_eligible_device_app.c:1693:9:RetmAppCoapInstId	0	static
../source/router_eligible_device_app.c:1698:6:LEDsConfig	16	static
../source/router_eligible_device_app.c:479:6:APP_Init	8	static
