../source/router_eligible_device_app.c:610:13:APP_ThrNwkJoin	8	static
../source/router_eligible_device_app.c:882:13:APP_JoinEventsHandler	8	static
../source/router_eligible_device_app.c:628:13:App_JoinTimerCallback	8	static
../source/router_eligible_device_app.c:763:13:APP_AppModeHandleKeyboard	8	static
../source/router_eligible_device_app.c:858:13:App_UpdateStateLeds	8	static
../source/router_eligible_device_app.c:649:13:APP_ConfigModeSwShortPressHandler	8	static
../source/router_eligible_device_app.c:720:13:APP_ConfigModeHandleKeyboard	8	static
../source/router_eligible_device_app.c:832:13:App_HandleKeyboard	8	static
../source/router_eligible_device_app.c:1485:13:App_RestoreLeaderLed	8	static
../source/router_eligible_device_app.c:1218:13:APP_LocalDataSinkRelease	24	static
../source/router_eligible_device_app.c:1017:20:APP_SendDataSinkCommand	32	static
../source/router_eligible_device_app.c:1068:13:APP_SendDataSinkRelease	24	static
../source/router_eligible_device_app.c:930:13:APP_CoapGenericCallback	8	static
../source/router_eligible_device_app.c:1446:13:APP_CoapSinkCb	16	static
../source/router_eligible_device_app.c:1271:13:APP_ProcessLedCmd	24	static
../source/router_eligible_device_app.c:1092:13:APP_SendLedCommand	24	static
../source/router_eligible_device_app.c:1200:13:APP_SendLedColorWheel	32	static
../source/router_eligible_device_app.c:1183:13:APP_SendLedFlash	16	static
../source/router_eligible_device_app.c:1166:13:APP_SendLedRgbOff	40	static
../source/router_eligible_device_app.c:1241:13:APP_CoapLedCb	16	static
../source/router_eligible_device_app.c:1135:13:APP_SendLedRgbOn	56	static
../source/router_eligible_device_app.c:968:13:APP_ReportTemp	24	static
../source/router_eligible_device_app.c:1046:13:APP_SendDataSinkCreate	16	static
../source/router_eligible_device_app.c:582:13:APP_InitCoapDemo	96	static
../source/router_eligible_device_app.c:255:13:APP_CoapResource2Cb	16	static
../source/router_eligible_device_app.c:193:13:APP_CoapResource1Cb	32	static
../source/router_eligible_device_app.c:1375:13:APP_CoapTempCb	88	static
../source/router_eligible_device_app.c:274:6:APP_Init	8	static
../source/router_eligible_device_app.c:337:6:APP_Handler	8	static
../source/router_eligible_device_app.c:362:6:APP_NwkScanHandler	16	static
../source/router_eligible_device_app.c:388:6:Stack_to_APP_Handler	16	static
../source/router_eligible_device_app.c:496:6:APP_Commissioning_Handler	72	static
../source/router_eligible_device_app.c:566:6:App_RestoreLeaderLedCb	8	static
