../source/router_eligible_device_app.c:601:13:APP_ThrNwkJoin	8	static
../source/router_eligible_device_app.c:873:13:APP_JoinEventsHandler	8	static
../source/router_eligible_device_app.c:619:13:App_JoinTimerCallback	8	static
../source/router_eligible_device_app.c:754:13:APP_AppModeHandleKeyboard	8	static
../source/router_eligible_device_app.c:849:13:App_UpdateStateLeds	8	static
../source/router_eligible_device_app.c:640:13:APP_ConfigModeSwShortPressHandler	8	static
../source/router_eligible_device_app.c:711:13:APP_ConfigModeHandleKeyboard	8	static
../source/router_eligible_device_app.c:823:13:App_HandleKeyboard	8	static
../source/router_eligible_device_app.c:1476:13:App_RestoreLeaderLed	8	static
../source/router_eligible_device_app.c:1209:13:APP_LocalDataSinkRelease	24	static
../source/router_eligible_device_app.c:1008:20:APP_SendDataSinkCommand	32	static
../source/router_eligible_device_app.c:1059:13:APP_SendDataSinkRelease	24	static
../source/router_eligible_device_app.c:921:13:APP_CoapGenericCallback	8	static
../source/router_eligible_device_app.c:1437:13:APP_CoapSinkCb	16	static
../source/router_eligible_device_app.c:1262:13:APP_ProcessLedCmd	24	static
../source/router_eligible_device_app.c:1083:13:APP_SendLedCommand	24	static
../source/router_eligible_device_app.c:1191:13:APP_SendLedColorWheel	32	static
../source/router_eligible_device_app.c:1174:13:APP_SendLedFlash	16	static
../source/router_eligible_device_app.c:1157:13:APP_SendLedRgbOff	40	static
../source/router_eligible_device_app.c:1232:13:APP_CoapLedCb	16	static
../source/router_eligible_device_app.c:1126:13:APP_SendLedRgbOn	56	static
../source/router_eligible_device_app.c:959:13:APP_ReportTemp	24	static
../source/router_eligible_device_app.c:1037:13:APP_SendDataSinkCreate	16	static
../source/router_eligible_device_app.c:573:13:APP_InitCoapDemo	96	static
../source/router_eligible_device_app.c:251:13:APP_CoapResource2Cb	16	static
../source/router_eligible_device_app.c:189:13:APP_CoapResource1Cb	32	static
../source/router_eligible_device_app.c:1366:13:APP_CoapTempCb	88	static
../source/router_eligible_device_app.c:268:6:APP_Init	8	static
../source/router_eligible_device_app.c:330:6:APP_Handler	8	static
../source/router_eligible_device_app.c:355:6:APP_NwkScanHandler	16	static
../source/router_eligible_device_app.c:381:6:Stack_to_APP_Handler	16	static
../source/router_eligible_device_app.c:489:6:APP_Commissioning_Handler	72	static
../source/router_eligible_device_app.c:557:6:App_RestoreLeaderLedCb	8	static
